src/features/booklists/hooks/useBooklistsData.ts(3,1): error TS6133: 'apiClient' is declared but its value is never read.
src/features/booklists/hooks/useBooklistsData.ts(87,5): error TS2769: No overload matches this call.
  Overload 1 of 3, '(options: DefinedInitialDataInfiniteOptions<PaginatedResponse<{ booklist_item_id: number; thread_id: string; guild_id?: string | undefined; channel_id: string; title: string; author: { id: string; name: string; global_name: string | null; display_name: string; avatar_url: string | null; }; ... 15 more ...; collected_flag: boolean; }>, Error, InfiniteData<...>, readonly [...], { ...; }>, queryClient?: QueryClient | undefined): DefinedUseInfiniteQueryResult<...>', gave the following error.
    Type '({ pageParam }: { client: QueryClient; queryKey: readonly ["booklists", "items", string]; signal: AbortSignal; pageParam: { offset: number; exclude_thread_ids: never[]; }; direction: FetchDirection; meta: Record<...> | undefined; }) => Promise<...>' is not assignable to type 'unique symbol | QueryFunction<PaginatedResponse<{ booklist_item_id: number; thread_id: string; guild_id?: string | undefined; channel_id: string; title: string; author: { id: string; name: string; global_name: string | null; display_name: string; avatar_url: string | null; }; ... 15 more ...; collected_flag: boolean...'.
      Type '({ pageParam }: { client: QueryClient; queryKey: readonly ["booklists", "items", string]; signal: AbortSignal; pageParam: { offset: number; exclude_thread_ids: never[]; }; direction: FetchDirection; meta: Record<...> | undefined; }) => Promise<...>' is not assignable to type 'QueryFunction<PaginatedResponse<{ booklist_item_id: number; thread_id: string; guild_id?: string | undefined; channel_id: string; title: string; author: { id: string; name: string; global_name: string | null; display_name: string; avatar_url: string | null; }; ... 15 more ...; collected_flag: boolean; }>, readonly [...'.
        Types of parameters '__0' and 'context' are incompatible.
          Type '{ client: QueryClient; queryKey: readonly ["booklists", "items", string]; signal: AbortSignal; pageParam: { offset: number; exclude_thread_ids: string[]; }; direction: FetchDirection; meta: Record<...> | undefined; }' is not assignable to type '{ client: QueryClient; queryKey: readonly ["booklists", "items", string]; signal: AbortSignal; pageParam: { offset: number; exclude_thread_ids: never[]; }; direction: FetchDirection; meta: Record<...> | undefined; }'.
            The types of 'pageParam.exclude_thread_ids' are incompatible between these types.
              Type 'string[]' is not assignable to type 'never[]'.
                Type 'string' is not assignable to type 'never'.
  Overload 2 of 3, '(options: UndefinedInitialDataInfiniteOptions<PaginatedResponse<{ booklist_item_id: number; thread_id: string; guild_id?: string | undefined; channel_id: string; title: string; author: { id: string; name: string; global_name: string | null; display_name: string; avatar_url: string | null; }; ... 15 more ...; collected_flag: boolean; }>, Error, InfiniteData<...>, readonly [...], { ...; }>, queryClient?: QueryClient | undefined): UseInfiniteQueryResult<...>', gave the following error.
    Type '({ pageParam }: { client: QueryClient; queryKey: readonly ["booklists", "items", string]; signal: AbortSignal; pageParam: { offset: number; exclude_thread_ids: never[]; }; direction: FetchDirection; meta: Record<...> | undefined; }) => Promise<...>' is not assignable to type 'unique symbol | QueryFunction<PaginatedResponse<{ booklist_item_id: number; thread_id: string; guild_id?: string | undefined; channel_id: string; title: string; author: { id: string; name: string; global_name: string | null; display_name: string; avatar_url: string | null; }; ... 15 more ...; collected_flag: boolean...'.
      Type '({ pageParam }: { client: QueryClient; queryKey: readonly ["booklists", "items", string]; signal: AbortSignal; pageParam: { offset: number; exclude_thread_ids: never[]; }; direction: FetchDirection; meta: Record<...> | undefined; }) => Promise<...>' is not assignable to type 'QueryFunction<PaginatedResponse<{ booklist_item_id: number; thread_id: string; guild_id?: string | undefined; channel_id: string; title: string; author: { id: string; name: string; global_name: string | null; display_name: string; avatar_url: string | null; }; ... 15 more ...; collected_flag: boolean; }>, readonly [...'.
        Types of parameters '__0' and 'context' are incompatible.
          Type '{ client: QueryClient; queryKey: readonly ["booklists", "items", string]; signal: AbortSignal; pageParam: { offset: number; exclude_thread_ids: string[]; }; direction: FetchDirection; meta: Record<...> | undefined; }' is not assignable to type '{ client: QueryClient; queryKey: readonly ["booklists", "items", string]; signal: AbortSignal; pageParam: { offset: number; exclude_thread_ids: never[]; }; direction: FetchDirection; meta: Record<...> | undefined; }'.
            The types of 'pageParam.exclude_thread_ids' are incompatible between these types.
              Type 'string[]' is not assignable to type 'never[]'.
                Type 'string' is not assignable to type 'never'.
  Overload 3 of 3, '(options: UseInfiniteQueryOptions<PaginatedResponse<{ booklist_item_id: number; thread_id: string; guild_id?: string | undefined; channel_id: string; title: string; author: { id: string; name: string; global_name: string | null; display_name: string; avatar_url: string | null; }; ... 15 more ...; collected_flag: boolean; }>, Error, InfiniteData<...>, readonly [...], { ...; }>, queryClient?: QueryClient | undefined): UseInfiniteQueryResult<...>', gave the following error.
    Type '({ pageParam }: { client: QueryClient; queryKey: readonly ["booklists", "items", string]; signal: AbortSignal; pageParam: { offset: number; exclude_thread_ids: never[]; }; direction: FetchDirection; meta: Record<...> | undefined; }) => Promise<...>' is not assignable to type 'unique symbol | QueryFunction<PaginatedResponse<{ booklist_item_id: number; thread_id: string; guild_id?: string | undefined; channel_id: string; title: string; author: { id: string; name: string; global_name: string | null; display_name: string; avatar_url: string | null; }; ... 15 more ...; collected_flag: boolean...'.
      Type '({ pageParam }: { client: QueryClient; queryKey: readonly ["booklists", "items", string]; signal: AbortSignal; pageParam: { offset: number; exclude_thread_ids: never[]; }; direction: FetchDirection; meta: Record<...> | undefined; }) => Promise<...>' is not assignable to type 'QueryFunction<PaginatedResponse<{ booklist_item_id: number; thread_id: string; guild_id?: string | undefined; channel_id: string; title: string; author: { id: string; name: string; global_name: string | null; display_name: string; avatar_url: string | null; }; ... 15 more ...; collected_flag: boolean; }>, readonly [...'.
        Types of parameters '__0' and 'context' are incompatible.
          Type '{ client: QueryClient; queryKey: readonly ["booklists", "items", string]; signal: AbortSignal; pageParam: { offset: number; exclude_thread_ids: string[]; }; direction: FetchDirection; meta: Record<...> | undefined; }' is not assignable to type '{ client: QueryClient; queryKey: readonly ["booklists", "items", string]; signal: AbortSignal; pageParam: { offset: number; exclude_thread_ids: never[]; }; direction: FetchDirection; meta: Record<...> | undefined; }'.
            The types of 'pageParam.exclude_thread_ids' are incompatible between these types.
              Type 'string[]' is not assignable to type 'never[]'.
                Type 'string' is not assignable to type 'never'.
src/features/booklists/hooks/useBooklistsData.ts(129,43): error TS2322: Type 'number' is not assignable to type 'string'.
src/features/booklists/hooks/useBooklistsData.ts(129,72): error TS2322: Type 'number' is not assignable to type 'string'.
src/features/booklists/hooks/useBooklistsData.ts(210,45): error TS2322: Type 'string | number' is not assignable to type 'string'.
  Type 'number' is not assignable to type 'string'.
src/features/preferences/lib/discoveryPreferences.ts(143,3): error TS6133: 'hasExplicitFilters' is declared but its value is never read.
src/features/preferences/lib/discoveryPreferences.ts(148,9): error TS6133: 'normalizedQuery' is declared but its value is never read.
src/features/search/api/searchApi.ts(145,9): error TS2741: Property 'apply_preferences' is missing in type '{ guild_id: number | undefined; channel_ids: number[] | null; include_tags: string[]; exclude_tags: string[]; tag_logic: string; keywords: string | null; include_authors: number[] | null; ... 15 more ...; custom_base_sort: string; }' but required in type '{ guild_id?: string | number | null | undefined; channel_ids?: (string | number)[] | null | undefined; include_tags?: string[] | undefined; exclude_tags?: string[] | undefined; tag_logic: string; ... 20 more ...; offset: number; }'.
src/features/search/hooks/useTopBarFilterState.ts(1,23): error TS6133: 'useEffect' is declared but its value is never read.
src/features/search/hooks/useTopBarFilterState.ts(1,34): error TS6133: 'useRef' is declared but its value is never read.
src/features/search/hooks/useTopBarFilterState.ts(1,42): error TS6133: 'useState' is declared but its value is never read.
src/features/search/hooks/useTopBarFilterState.ts(3,1): error TS6133: 'mergePreferenceTagsWithManual' is declared but its value is never read.
src/pages/BooklistDetailPage/index.tsx(14,1): error TS6133: 'toast' is declared but its value is never read.
src/pages/BooklistDetailPage/index.tsx(76,53): error TS18046: 'page' is of type 'unknown'.
src/pages/PlazaPage/index.tsx(117,9): error TS2345: Argument of type '{ channel_ids: string[] | null | undefined; include_tags: string[] | null | undefined; exclude_tags: string[] | null | undefined; } | undefined' is not assignable to parameter of type 'PlazaPreferenceFilter | undefined'.
  Type '{ channel_ids: string[] | null | undefined; include_tags: string[] | null | undefined; exclude_tags: string[] | null | undefined; }' is not assignable to type 'PlazaPreferenceFilter'.
    Types of property 'channel_ids' are incompatible.
      Type 'string[] | null | undefined' is not assignable to type 'string[] | undefined'.
        Type 'null' is not assignable to type 'string[] | undefined'.
src/pages/SearchPage/index.tsx(5,1): error TS6133: 'MascotDialog' is declared but its value is never read.
src/pages/SearchPage/index.tsx(30,29): error TS6133: 'useState' is declared but its value is never read.
src/pages/SearchPage/index.tsx(32,1): error TS6133: 'toast' is declared but its value is never read.
src/pages/SearchPage/index.tsx(52,5): error TS6133: 'hasExplicitFilters' is declared but its value is never read.
src/widgets/layout/TopBar.tsx(142,7): error TS2353: Object literal may only specify known properties, and 'updateQuery' does not exist in type 'UseTopBarFilterStateOptions'.
